###############################################################################
#
# IAR ELF Linker V8.40.1.212/W32 for ARM                  06/Dec/2019  00:24:06
# Copyright 2007-2019 IAR Systems AB.
#
#    Output file  =
#        A:\Projects\STM32\LED blink with mini board\EWARM\LED blink with mini
#        board\Exe\LED blink with mini board.out
#    Map file     =
#        A:\Projects\STM32\LED blink with mini board\EWARM\LED blink with mini
#        board\List\LED blink with mini board.map
#    Command line =
#        -f C:\Users\ALIFEL~1\AppData\Local\Temp\EW2711.tmp
#        ("A:\Projects\STM32\LED blink with mini board\EWARM\LED blink with
#        mini board\Obj\main.o" "A:\Projects\STM32\LED blink with mini
#        board\EWARM\LED blink with mini board\Obj\startup_stm32f030x6.o"
#        "A:\Projects\STM32\LED blink with mini board\EWARM\LED blink with mini
#        board\Obj\stm32f0xx_hal.o" "A:\Projects\STM32\LED blink with mini
#        board\EWARM\LED blink with mini board\Obj\stm32f0xx_hal_cortex.o"
#        "A:\Projects\STM32\LED blink with mini board\EWARM\LED blink with mini
#        board\Obj\stm32f0xx_hal_dma.o" "A:\Projects\STM32\LED blink with mini
#        board\EWARM\LED blink with mini board\Obj\stm32f0xx_hal_flash.o"
#        "A:\Projects\STM32\LED blink with mini board\EWARM\LED blink with mini
#        board\Obj\stm32f0xx_hal_flash_ex.o" "A:\Projects\STM32\LED blink with
#        mini board\EWARM\LED blink with mini board\Obj\stm32f0xx_hal_gpio.o"
#        "A:\Projects\STM32\LED blink with mini board\EWARM\LED blink with mini
#        board\Obj\stm32f0xx_hal_i2c.o" "A:\Projects\STM32\LED blink with mini
#        board\EWARM\LED blink with mini board\Obj\stm32f0xx_hal_i2c_ex.o"
#        "A:\Projects\STM32\LED blink with mini board\EWARM\LED blink with mini
#        board\Obj\stm32f0xx_hal_msp.o" "A:\Projects\STM32\LED blink with mini
#        board\EWARM\LED blink with mini board\Obj\stm32f0xx_hal_pwr.o"
#        "A:\Projects\STM32\LED blink with mini board\EWARM\LED blink with mini
#        board\Obj\stm32f0xx_hal_pwr_ex.o" "A:\Projects\STM32\LED blink with
#        mini board\EWARM\LED blink with mini board\Obj\stm32f0xx_hal_rcc.o"
#        "A:\Projects\STM32\LED blink with mini board\EWARM\LED blink with mini
#        board\Obj\stm32f0xx_hal_rcc_ex.o" "A:\Projects\STM32\LED blink with
#        mini board\EWARM\LED blink with mini board\Obj\stm32f0xx_hal_tim.o"
#        "A:\Projects\STM32\LED blink with mini board\EWARM\LED blink with mini
#        board\Obj\stm32f0xx_hal_tim_ex.o" "A:\Projects\STM32\LED blink with
#        mini board\EWARM\LED blink with mini board\Obj\stm32f0xx_it.o"
#        "A:\Projects\STM32\LED blink with mini board\EWARM\LED blink with mini
#        board\Obj\system_stm32f0xx.o" --redirect _Printf=_PrintfFull
#        --redirect _Scanf=_ScanfFull --no_out_extension -o
#        "A:\Projects\STM32\LED blink with mini board\EWARM\LED blink with mini
#        board\Exe\LED blink with mini board.out" --map "A:\Projects\STM32\LED
#        blink with mini board\EWARM\LED blink with mini board\List\LED blink
#        with mini board.map" --config "A:\Projects\STM32\LED blink with mini
#        board\EWARM/stm32f030x6_flash.icf" --semihosting --entry
#        __iar_program_start --vfe --text_out locale)
#
###############################################################################

*******************************************************************************
*** RUNTIME MODEL ATTRIBUTES
***

CppFlavor       = *
__SystemLibrary = DLib
__dlib_version  = 6


*******************************************************************************
*** HEAP SELECTION
***

The basic heap was selected because no calls to memory allocation
functions were found in the application outside of system library
functions, and there are calls to deallocation functions in the
application.


*******************************************************************************
*** PLACEMENT SUMMARY
***

"A0":  place at address 0x800'0000 { ro section .intvec };
"P1":  place in [from 0x800'0000 to 0x800'7fff] { ro };
define block CSTACK with size = 1K, alignment = 8 { };
define block HEAP with size = 512, alignment = 8 { };
"P2":  place in [from 0x2000'0000 to 0x2000'0fff] {
          rw, block CSTACK, block HEAP };
initialize by copy { rw };

  Section            Kind         Address   Size  Object
  -------            ----         -------   ----  ------
"A0":                                       0xb0
  .intvec            ro code   0x800'0000   0xb0  startup_stm32f030x6.o [1]
                             - 0x800'00b0   0xb0

"P1":                                      0xaca
  .text              ro code   0x800'00b0  0x55c  stm32f0xx_hal_rcc.o [1]
  .text              ro code   0x800'060c    0xc  stm32f0xx_hal.o [1]
  .text              ro code   0x800'0618   0x24  stm32f0xx_hal.o [1]
  .text              ro code   0x800'063c   0x36  I32DivMod.o [3]
  .text              ro code   0x800'0672    0x2  startup_stm32f030x6.o [1]
  .text              ro code   0x800'0674   0x78  stm32f0xx_hal_cortex.o [1]
  .text              ro code   0x800'06ec    0x2  IntDivZer.o [3]
  .text              ro code   0x800'06ee    0x2  startup_stm32f030x6.o [1]
  .text              ro code   0x800'06f0  0x184  stm32f0xx_hal_gpio.o [1]
  .text              ro code   0x800'0874   0xa8  main.o [1]
  .text              ro code   0x800'091c   0x20  stm32f0xx_hal.o [1]
  .text              ro code   0x800'093c   0x14  memset.o [3]
  .text              ro code   0x800'0950   0x20  stm32f0xx_hal.o [1]
  .text              ro code   0x800'0970   0x30  stm32f0xx_hal_msp.o [1]
  .text              ro code   0x800'09a0   0x4e  ABImemset.o [3]
  .text              ro code   0x800'09ee    0x2  startup_stm32f030x6.o [1]
  .text              ro code   0x800'09f0   0x70  system_stm32f0xx.o [1]
  .text              ro code   0x800'0a60   0x30  copy_init3.o [3]
  .text              ro code   0x800'0a90   0x28  data_init.o [3]
  .iar.init_table    const     0x800'0ab8   0x14  - Linker created -
  .text              ro code   0x800'0acc   0x1e  cmain.o [3]
  .text              ro code   0x800'0aea    0x4  low_level_init.o [2]
  .text              ro code   0x800'0aee    0x8  exit.o [2]
  .text              ro code   0x800'0af6    0x2  startup_stm32f030x6.o [1]
  .text              ro code   0x800'0af8    0xa  cexit.o [3]
  .text              ro code   0x800'0b02    0x2  startup_stm32f030x6.o [1]
  .text              ro code   0x800'0b04   0x14  exit.o [4]
  .text              ro code   0x800'0b18   0x10  startup_stm32f030x6.o [1]
  .text              ro code   0x800'0b28   0x10  stm32f0xx_hal.o [1]
  .text              ro code   0x800'0b38   0x10  stm32f0xx_it.o [1]
  .text              ro code   0x800'0b48    0xc  cstartup_M.o [3]
  Initializer bytes  const     0x800'0b54    0x8  <for P2-1>
  .text              ro code   0x800'0b5c    0x2  startup_stm32f030x6.o [1]
  .text              ro code   0x800'0b5e    0x2  startup_stm32f030x6.o [1]
  .text              ro code   0x800'0b60    0x2  startup_stm32f030x6.o [1]
  .text              ro code   0x800'0b62    0x2  startup_stm32f030x6.o [1]
  .text              ro code   0x800'0b64    0x2  startup_stm32f030x6.o [1]
  .text              ro code   0x800'0b66    0x2  startup_stm32f030x6.o [1]
  .text              ro code   0x800'0b68    0x2  startup_stm32f030x6.o [1]
  .text              ro code   0x800'0b6a    0x2  startup_stm32f030x6.o [1]
  .text              ro code   0x800'0b6c    0x2  startup_stm32f030x6.o [1]
  .text              ro code   0x800'0b6e    0x2  startup_stm32f030x6.o [1]
  .text              ro code   0x800'0b70    0x2  startup_stm32f030x6.o [1]
  .text              ro code   0x800'0b72    0x2  startup_stm32f030x6.o [1]
  .text              ro code   0x800'0b74    0x2  startup_stm32f030x6.o [1]
  .text              ro code   0x800'0b76    0x2  startup_stm32f030x6.o [1]
  .text              ro code   0x800'0b78    0x2  startup_stm32f030x6.o [1]
  .rodata            const     0x800'0b7a    0x0  copy_init3.o [3]
                             - 0x800'0b7a  0xaca

"P2", part 1 of 2:                           0x8
  P2-1                        0x2000'0000    0x8  <Init block>
    .data            inited   0x2000'0000    0x4  system_stm32f0xx.o [1]
    .bss             inited   0x2000'0004    0x4  stm32f0xx_hal.o [1]
                            - 0x2000'0008    0x8

"P2", part 2 of 2:                         0x400
  CSTACK                      0x2000'0008  0x400  <Block>
    CSTACK           uninit   0x2000'0008  0x400  <Block tail>
                            - 0x2000'0408  0x400

Unused ranges:

         From           To    Size
         ----           --    ----
   0x800'0b7a   0x800'7fff  0x7486
  0x2000'0408  0x2000'0fff   0xbf8


*******************************************************************************
*** INIT TABLE
***

          Address      Size
          -------      ----
Copy (__iar_copy_init3)
    1 source range, total size 0x8:
           0x800'0b54   0x8
    1 destination range, total size 0x8:
          0x2000'0000   0x8



*******************************************************************************
*** MODULE SUMMARY
***

    Module                  ro code  ro data  rw data
    ------                  -------  -------  -------
command line/config:
    -------------------------------------------------
    Total:

A:\Projects\STM32\LED blink with mini board\EWARM\LED blink with mini board\Obj: [1]
    main.o                      168
    startup_stm32f030x6.o       232
    stm32f0xx_hal.o             128        4        4
    stm32f0xx_hal_cortex.o      120
    stm32f0xx_hal_gpio.o        388
    stm32f0xx_hal_msp.o          48
    stm32f0xx_hal_rcc.o       1'372
    stm32f0xx_it.o               16
    system_stm32f0xx.o          112        4        4
    -------------------------------------------------
    Total:                    2'584        8        8

dl6M_tlf.a: [2]
    exit.o                        8
    low_level_init.o              4
    -------------------------------------------------
    Total:                       12

rt6M_tl.a: [3]
    ABImemset.o                  78
    I32DivMod.o                  54
    IntDivZer.o                   2
    cexit.o                      10
    cmain.o                      30
    copy_init3.o                 48
    cstartup_M.o                 12
    data_init.o                  40
    memset.o                     20
    -------------------------------------------------
    Total:                      294

shb_l.a: [4]
    exit.o                       20
    -------------------------------------------------
    Total:                       20

    Linker created                        20    1'024
-----------------------------------------------------
    Grand Total:              2'910       28    1'032


*******************************************************************************
*** ENTRY LIST
***

Entry                       Address   Size  Type      Object
-----                       -------   ----  ----      ------
.iar.init_table$$Base    0x800'0ab8          --   Gb  - Linker created -
.iar.init_table$$Limit   0x800'0acc          --   Gb  - Linker created -
?main                    0x800'0acd         Code  Gb  cmain.o [3]
AHBPrescTable            0x800'0a50   0x10  Data  Gb  system_stm32f0xx.o [1]
CSTACK$$Base            0x2000'0008          --   Gb  - Linker created -
CSTACK$$Limit           0x2000'0408          --   Gb  - Linker created -
HAL_Delay                0x800'0951   0x20  Code  Wk  stm32f0xx_hal.o [1]
HAL_GPIO_Init            0x800'06f1  0x158  Code  Gb  stm32f0xx_hal_gpio.o [1]
HAL_GPIO_TogglePin       0x800'0855    0x8  Code  Gb  stm32f0xx_hal_gpio.o [1]
HAL_GPIO_WritePin        0x800'0849    0xc  Code  Gb  stm32f0xx_hal_gpio.o [1]
HAL_GetTick              0x800'060d    0xc  Code  Wk  stm32f0xx_hal.o [1]
HAL_IncTick              0x800'0b29   0x10  Code  Wk  stm32f0xx_hal.o [1]
HAL_Init                 0x800'091d   0x1a  Code  Gb  stm32f0xx_hal.o [1]
HAL_InitTick             0x800'0619   0x24  Code  Wk  stm32f0xx_hal.o [1]
HAL_MspInit              0x800'0971   0x30  Code  Gb  stm32f0xx_hal_msp.o [1]
HAL_NVIC_SetPriority     0x800'06af    0x8  Code  Gb  stm32f0xx_hal_cortex.o [1]
HAL_RCC_ClockConfig      0x800'0451  0x12c  Code  Gb  stm32f0xx_hal_rcc.o [1]
HAL_RCC_GetHCLKFreq      0x800'05bf    0x6  Code  Gb  stm32f0xx_hal_rcc.o [1]
HAL_RCC_GetSysClockFreq
                         0x800'0585   0x3a  Code  Gb  stm32f0xx_hal_rcc.o [1]
HAL_RCC_GetSysClockFreq::aPLLMULFactorTable
                         0x800'05ec   0x10  Data  Lc  stm32f0xx_hal_rcc.o [1]
HAL_RCC_GetSysClockFreq::aPredivFactorTable
                         0x800'05fc   0x10  Data  Lc  stm32f0xx_hal_rcc.o [1]
HAL_RCC_OscConfig        0x800'00b1  0x39c  Code  Gb  stm32f0xx_hal_rcc.o [1]
HAL_SYSTICK_Config       0x800'06b7   0x28  Code  Gb  stm32f0xx_hal_cortex.o [1]
HardFault_Handler        0x800'0b3b    0x2  Code  Gb  stm32f0xx_it.o [1]
NMI_Handler              0x800'0b39    0x2  Code  Gb  stm32f0xx_it.o [1]
NVIC_SetPriority         0x800'0675   0x3a  Code  Lc  stm32f0xx_hal_cortex.o [1]
PendSV_Handler           0x800'0b3f    0x2  Code  Gb  stm32f0xx_it.o [1]
Region$$Table$$Base      0x800'0ab8          --   Gb  - Linker created -
Region$$Table$$Limit     0x800'0acc          --   Gb  - Linker created -
SVC_Handler              0x800'0b3d    0x2  Code  Gb  stm32f0xx_it.o [1]
SysTick_Handler          0x800'0b41    0x8  Code  Gb  stm32f0xx_it.o [1]
SystemClock_Config       0x800'08d9   0x44  Code  Gb  main.o [1]
SystemCoreClock         0x2000'0000    0x4  Data  Gb  system_stm32f0xx.o [1]
SystemInit               0x800'09f1   0x48  Code  Gb  system_stm32f0xx.o [1]
__ICFEDIT_region_RAM_end__ {Abs}
                        0x2000'0fff         Data  Gb  <internal module>
__ICFEDIT_region_RAM_start__ {Abs}
                        0x2000'0000         Data  Gb  <internal module>
__aeabi_idiv0            0x800'06ed         Code  Gb  IntDivZer.o [3]
__aeabi_memset           0x800'09a1         Code  Gb  ABImemset.o [3]
__cmain                  0x800'0acd         Code  Gb  cmain.o [3]
__exit                   0x800'0b05   0x14  Code  Gb  exit.o [4]
__iar_Memset4_word       0x800'09c1         Code  Gb  ABImemset.o [3]
__iar_Memset_word        0x800'09ad         Code  Gb  ABImemset.o [3]
__iar_copy_init3         0x800'0a61   0x30  Code  Gb  copy_init3.o [3]
__iar_data_init3         0x800'0a91   0x28  Code  Gb  data_init.o [3]
__iar_program_start      0x800'0b49         Code  Gb  cstartup_M.o [3]
__iar_small_uidiv        0x800'063d         Code  Gb  I32DivMod.o [3]
__iar_small_uidivmod     0x800'063d         Code  Gb  I32DivMod.o [3]
__low_level_init         0x800'0aeb    0x4  Code  Gb  low_level_init.o [2]
__vector_table           0x800'0000         Data  Gb  startup_stm32f030x6.o [1]
_call_main               0x800'0ad9         Code  Gb  cmain.o [3]
_exit                    0x800'0af9         Code  Gb  cexit.o [3]
_main                    0x800'0ae7         Code  Gb  cmain.o [3]
exit                     0x800'0aef    0x8  Code  Gb  exit.o [2]
main                     0x800'0875   0x60  Code  Gb  main.o [1]
memset                   0x800'093d   0x14  Code  Gb  memset.o [3]
uwTick                  0x2000'0004    0x4  Data  Gb  stm32f0xx_hal.o [1]


[1] = A:\Projects\STM32\LED blink with mini board\EWARM\LED blink with mini board\Obj
[2] = dl6M_tlf.a
[3] = rt6M_tl.a
[4] = shb_l.a

  2'910 bytes of readonly  code memory
     28 bytes of readonly  data memory
  1'032 bytes of readwrite data memory

Errors: none
Warnings: none
